# ASan runtime does not come first in initial library list; you should either link 
runtime to your application or manually preload it with LD_PRELOAD.